I'm sorry, but errors were detected in your script. Please correct the
errors listed below, and try again.


File "game/branch1.rpy", line 26: end of line expected.
    show jeffrey_normal at enter r
                                 ^

Ren'Py Version: Ren'Py 7.4.10.2178
Tue Sep  6 14:18:11 2022
